2026-04-27 10:14:12.407 +05:30 [INF] Connected database: SmartBankDBAPI
2026-04-27 10:14:12.706 +05:30 [INF] Now listening on: https://localhost:5001
2026-04-27 10:14:12.720 +05:30 [INF] Now listening on: http://localhost:5000
2026-04-27 10:14:12.736 +05:30 [INF] Application started. Press Ctrl+C to shut down.
2026-04-27 10:14:12.747 +05:30 [INF] Hosting environment: Development
2026-04-27 10:14:12.758 +05:30 [INF] Content root path: C:\Users\Aarchi\source\Capgemini_CU_Sec3_dotnetwithazure_Aarchi\Week1520April2026\SmartBank\src\AccountService
2026-04-27 10:14:12.765 +05:30 [INF] API running at https://localhost:5001
2026-04-27 10:14:12.794 +05:30 [INF] API running at http://localhost:5000
2026-04-27 10:14:18.415 +05:30 [INF] HTTP GET /api/dev/token responded 307 in 3.0165 ms
2026-04-27 10:14:34.470 +05:30 [INF] HTTP GET /api/dev/token responded 307 in 0.2594 ms
2026-04-27 10:14:36.874 +05:30 [INF] HTTP GET /api/dev/token responded 307 in 0.0653 ms
2026-04-27 10:14:39.027 +05:30 [INF] HTTP GET /api/dev/token responded 307 in 0.0685 ms
2026-04-27 10:14:40.668 +05:30 [INF] HTTP GET /api/dev/token responded 307 in 0.0628 ms
2026-04-27 10:14:42.607 +05:30 [INF] HTTP GET /api/dev/token responded 307 in 0.0976 ms
2026-04-27 10:14:44.765 +05:30 [INF] HTTP GET /api/dev/token responded 200 in 261.4569 ms
2026-04-27 10:14:49.874 +05:30 [INF] HTTP POST /api/accounts/open responded 400 in 127.4808 ms
2026-04-27 10:15:09.598 +05:30 [INF] HTTP GET /api/dev/token responded 200 in 27.8470 ms
2026-04-27 10:15:30.454 +05:30 [INF] HTTP POST /api/accounts/open responded 401 in 10.1855 ms
2026-04-27 10:15:32.551 +05:30 [INF] HTTP GET /api/dev/token responded 200 in 2.3906 ms
2026-04-27 10:15:38.399 +05:30 [WRN] AuditService is unavailable. Action: OpenAccount, AccountNo: 928412509007
System.Net.Http.HttpRequestException: No connection could be made because the target machine actively refused it. (localhost:5006)
 ---> System.Net.Sockets.SocketException (10061): No connection could be made because the target machine actively refused it.
   at System.Net.Sockets.Socket.AwaitableSocketAsyncEventArgs.ThrowException(SocketError error, CancellationToken cancellationToken)
   at System.Net.Sockets.Socket.AwaitableSocketAsyncEventArgs.System.Threading.Tasks.Sources.IValueTaskSource.GetResult(Int16 token)
   at System.Net.Sockets.Socket.<ConnectAsync>g__WaitForConnectWithCancellation|285_0(AwaitableSocketAsyncEventArgs saea, ValueTask connectTask, CancellationToken cancellationToken)
   at System.Net.Http.HttpConnectionPool.ConnectToTcpHostAsync(String host, Int32 port, HttpRequestMessage initialRequest, Boolean async, CancellationToken cancellationToken)
   --- End of inner exception stack trace ---
   at System.Net.Http.HttpConnectionPool.ConnectToTcpHostAsync(String host, Int32 port, HttpRequestMessage initialRequest, Boolean async, CancellationToken cancellationToken)
   at System.Net.Http.HttpConnectionPool.ConnectAsync(HttpRequestMessage request, Boolean async, CancellationToken cancellationToken)
   at System.Net.Http.HttpConnectionPool.CreateHttp11ConnectionAsync(HttpRequestMessage request, Boolean async, CancellationToken cancellationToken)
   at System.Net.Http.HttpConnectionPool.InjectNewHttp11ConnectionAsync(QueueItem queueItem)
   at System.Threading.Tasks.TaskCompletionSourceWithCancellation`1.WaitWithCancellationAsync(CancellationToken cancellationToken)
   at System.Net.Http.HttpConnectionPool.SendWithVersionDetectionAndRetryAsync(HttpRequestMessage request, Boolean async, Boolean doRequestAuth, CancellationToken cancellationToken)
   at System.Net.Http.DiagnosticsHandler.SendAsyncCore(HttpRequestMessage request, Boolean async, CancellationToken cancellationToken)
   at System.Net.Http.RedirectHandler.SendAsync(HttpRequestMessage request, Boolean async, CancellationToken cancellationToken)
   at Microsoft.Extensions.Http.Logging.LoggingHttpMessageHandler.<SendCoreAsync>g__Core|4_0(HttpRequestMessage request, Boolean useAsync, CancellationToken cancellationToken)
   at Microsoft.Extensions.Http.Logging.LoggingScopeHttpMessageHandler.<SendCoreAsync>g__Core|4_0(HttpRequestMessage request, Boolean useAsync, CancellationToken cancellationToken)
   at System.Net.Http.HttpClient.<SendAsync>g__Core|83_0(HttpRequestMessage request, HttpCompletionOption completionOption, CancellationTokenSource cts, Boolean disposeCts, CancellationTokenSource pendingRequestsCts, CancellationToken originalCancellationToken)
   at AccountService.Services.AccountService.SendAuditLogAsync(String action, String accountNo, String description) in C:\Users\Aarchi\source\Capgemini_CU_Sec3_dotnetwithazure_Aarchi\Week1520April2026\SmartBank\src\AccountService\Services\AccountService.cs:line 219
2026-04-27 10:15:38.503 +05:30 [INF] HTTP POST /api/accounts/open responded 200 in 5706.6299 ms
2026-04-27 10:15:38.903 +05:30 [INF] HTTP GET /api/dev/token responded 200 in 1.1636 ms
2026-04-27 10:15:43.194 +05:30 [WRN] AuditService is unavailable. Action: OpenAccount, AccountNo: 041233571831
System.Net.Http.HttpRequestException: No connection could be made because the target machine actively refused it. (localhost:5006)
 ---> System.Net.Sockets.SocketException (10061): No connection could be made because the target machine actively refused it.
   at System.Net.Sockets.Socket.AwaitableSocketAsyncEventArgs.ThrowException(SocketError error, CancellationToken cancellationToken)
   at System.Net.Sockets.Socket.AwaitableSocketAsyncEventArgs.System.Threading.Tasks.Sources.IValueTaskSource.GetResult(Int16 token)
   at System.Net.Sockets.Socket.<ConnectAsync>g__WaitForConnectWithCancellation|285_0(AwaitableSocketAsyncEventArgs saea, ValueTask connectTask, CancellationToken cancellationToken)
   at System.Net.Http.HttpConnectionPool.ConnectToTcpHostAsync(String host, Int32 port, HttpRequestMessage initialRequest, Boolean async, CancellationToken cancellationToken)
   --- End of inner exception stack trace ---
   at System.Net.Http.HttpConnectionPool.ConnectToTcpHostAsync(String host, Int32 port, HttpRequestMessage initialRequest, Boolean async, CancellationToken cancellationToken)
   at System.Net.Http.HttpConnectionPool.ConnectAsync(HttpRequestMessage request, Boolean async, CancellationToken cancellationToken)
   at System.Net.Http.HttpConnectionPool.CreateHttp11ConnectionAsync(HttpRequestMessage request, Boolean async, CancellationToken cancellationToken)
   at System.Net.Http.HttpConnectionPool.InjectNewHttp11ConnectionAsync(QueueItem queueItem)
   at System.Threading.Tasks.TaskCompletionSourceWithCancellation`1.WaitWithCancellationAsync(CancellationToken cancellationToken)
   at System.Net.Http.HttpConnectionPool.SendWithVersionDetectionAndRetryAsync(HttpRequestMessage request, Boolean async, Boolean doRequestAuth, CancellationToken cancellationToken)
   at System.Net.Http.DiagnosticsHandler.SendAsyncCore(HttpRequestMessage request, Boolean async, CancellationToken cancellationToken)
   at System.Net.Http.RedirectHandler.SendAsync(HttpRequestMessage request, Boolean async, CancellationToken cancellationToken)
   at Microsoft.Extensions.Http.Logging.LoggingHttpMessageHandler.<SendCoreAsync>g__Core|4_0(HttpRequestMessage request, Boolean useAsync, CancellationToken cancellationToken)
   at Microsoft.Extensions.Http.Logging.LoggingScopeHttpMessageHandler.<SendCoreAsync>g__Core|4_0(HttpRequestMessage request, Boolean useAsync, CancellationToken cancellationToken)
   at System.Net.Http.HttpClient.<SendAsync>g__Core|83_0(HttpRequestMessage request, HttpCompletionOption completionOption, CancellationTokenSource cts, Boolean disposeCts, CancellationTokenSource pendingRequestsCts, CancellationToken originalCancellationToken)
   at AccountService.Services.AccountService.SendAuditLogAsync(String action, String accountNo, String description) in C:\Users\Aarchi\source\Capgemini_CU_Sec3_dotnetwithazure_Aarchi\Week1520April2026\SmartBank\src\AccountService\Services\AccountService.cs:line 219
2026-04-27 10:15:43.228 +05:30 [INF] HTTP POST /api/accounts/open responded 200 in 4310.3509 ms
2026-04-27 10:15:44.361 +05:30 [WRN] AuditService is unavailable. Action: OpenAccount, AccountNo: 000227251320
System.Net.Http.HttpRequestException: No connection could be made because the target machine actively refused it. (localhost:5006)
 ---> System.Net.Sockets.SocketException (10061): No connection could be made because the target machine actively refused it.
   at System.Net.Sockets.Socket.AwaitableSocketAsyncEventArgs.ThrowException(SocketError error, CancellationToken cancellationToken)
   at System.Net.Sockets.Socket.AwaitableSocketAsyncEventArgs.System.Threading.Tasks.Sources.IValueTaskSource.GetResult(Int16 token)
   at System.Net.Sockets.Socket.<ConnectAsync>g__WaitForConnectWithCancellation|285_0(AwaitableSocketAsyncEventArgs saea, ValueTask connectTask, CancellationToken cancellationToken)
   at System.Net.Http.HttpConnectionPool.ConnectToTcpHostAsync(String host, Int32 port, HttpRequestMessage initialRequest, Boolean async, CancellationToken cancellationToken)
   --- End of inner exception stack trace ---
   at System.Net.Http.HttpConnectionPool.ConnectToTcpHostAsync(String host, Int32 port, HttpRequestMessage initialRequest, Boolean async, CancellationToken cancellationToken)
   at System.Net.Http.HttpConnectionPool.ConnectAsync(HttpRequestMessage request, Boolean async, CancellationToken cancellationToken)
   at System.Net.Http.HttpConnectionPool.CreateHttp11ConnectionAsync(HttpRequestMessage request, Boolean async, CancellationToken cancellationToken)
   at System.Net.Http.HttpConnectionPool.InjectNewHttp11ConnectionAsync(QueueItem queueItem)
   at System.Threading.Tasks.TaskCompletionSourceWithCancellation`1.WaitWithCancellationAsync(CancellationToken cancellationToken)
   at System.Net.Http.HttpConnectionPool.SendWithVersionDetectionAndRetryAsync(HttpRequestMessage request, Boolean async, Boolean doRequestAuth, CancellationToken cancellationToken)
   at System.Net.Http.DiagnosticsHandler.SendAsyncCore(HttpRequestMessage request, Boolean async, CancellationToken cancellationToken)
   at System.Net.Http.RedirectHandler.SendAsync(HttpRequestMessage request, Boolean async, CancellationToken cancellationToken)
   at Microsoft.Extensions.Http.Logging.LoggingHttpMessageHandler.<SendCoreAsync>g__Core|4_0(HttpRequestMessage request, Boolean useAsync, CancellationToken cancellationToken)
   at Microsoft.Extensions.Http.Logging.LoggingScopeHttpMessageHandler.<SendCoreAsync>g__Core|4_0(HttpRequestMessage request, Boolean useAsync, CancellationToken cancellationToken)
   at System.Net.Http.HttpClient.<SendAsync>g__Core|83_0(HttpRequestMessage request, HttpCompletionOption completionOption, CancellationTokenSource cts, Boolean disposeCts, CancellationTokenSource pendingRequestsCts, CancellationToken originalCancellationToken)
   at AccountService.Services.AccountService.SendAuditLogAsync(String action, String accountNo, String description) in C:\Users\Aarchi\source\Capgemini_CU_Sec3_dotnetwithazure_Aarchi\Week1520April2026\SmartBank\src\AccountService\Services\AccountService.cs:line 219
2026-04-27 10:15:44.396 +05:30 [INF] HTTP POST /api/accounts/open responded 200 in 4144.9826 ms
2026-04-27 10:17:11.945 +05:30 [WRN] AuditService is unavailable. Action: Deposit, AccountNo: 000227251320
System.Net.Http.HttpRequestException: No connection could be made because the target machine actively refused it. (localhost:5006)
 ---> System.Net.Sockets.SocketException (10061): No connection could be made because the target machine actively refused it.
   at System.Net.Sockets.Socket.AwaitableSocketAsyncEventArgs.ThrowException(SocketError error, CancellationToken cancellationToken)
   at System.Net.Sockets.Socket.AwaitableSocketAsyncEventArgs.System.Threading.Tasks.Sources.IValueTaskSource.GetResult(Int16 token)
   at System.Net.Sockets.Socket.<ConnectAsync>g__WaitForConnectWithCancellation|285_0(AwaitableSocketAsyncEventArgs saea, ValueTask connectTask, CancellationToken cancellationToken)
   at System.Net.Http.HttpConnectionPool.ConnectToTcpHostAsync(String host, Int32 port, HttpRequestMessage initialRequest, Boolean async, CancellationToken cancellationToken)
   --- End of inner exception stack trace ---
   at System.Net.Http.HttpConnectionPool.ConnectToTcpHostAsync(String host, Int32 port, HttpRequestMessage initialRequest, Boolean async, CancellationToken cancellationToken)
   at System.Net.Http.HttpConnectionPool.ConnectAsync(HttpRequestMessage request, Boolean async, CancellationToken cancellationToken)
   at System.Net.Http.HttpConnectionPool.CreateHttp11ConnectionAsync(HttpRequestMessage request, Boolean async, CancellationToken cancellationToken)
   at System.Net.Http.HttpConnectionPool.InjectNewHttp11ConnectionAsync(QueueItem queueItem)
   at System.Threading.Tasks.TaskCompletionSourceWithCancellation`1.WaitWithCancellationAsync(CancellationToken cancellationToken)
   at System.Net.Http.HttpConnectionPool.SendWithVersionDetectionAndRetryAsync(HttpRequestMessage request, Boolean async, Boolean doRequestAuth, CancellationToken cancellationToken)
   at System.Net.Http.DiagnosticsHandler.SendAsyncCore(HttpRequestMessage request, Boolean async, CancellationToken cancellationToken)
   at System.Net.Http.RedirectHandler.SendAsync(HttpRequestMessage request, Boolean async, CancellationToken cancellationToken)
   at Microsoft.Extensions.Http.Logging.LoggingHttpMessageHandler.<SendCoreAsync>g__Core|4_0(HttpRequestMessage request, Boolean useAsync, CancellationToken cancellationToken)
   at Microsoft.Extensions.Http.Logging.LoggingScopeHttpMessageHandler.<SendCoreAsync>g__Core|4_0(HttpRequestMessage request, Boolean useAsync, CancellationToken cancellationToken)
   at System.Net.Http.HttpClient.<SendAsync>g__Core|83_0(HttpRequestMessage request, HttpCompletionOption completionOption, CancellationTokenSource cts, Boolean disposeCts, CancellationTokenSource pendingRequestsCts, CancellationToken originalCancellationToken)
   at AccountService.Services.AccountService.SendAuditLogAsync(String action, String accountNo, String description) in C:\Users\Aarchi\source\Capgemini_CU_Sec3_dotnetwithazure_Aarchi\Week1520April2026\SmartBank\src\AccountService\Services\AccountService.cs:line 219
2026-04-27 10:17:11.974 +05:30 [INF] HTTP POST /api/accounts/deposit responded 200 in 4326.9875 ms
